// Jest Snapshot v1, https://goo.gl/fbAQLP

exports[`<Home /> renders initial UI 1`] = `
<main
  className="czfxPD"
>
  <div
    className="jlRHmo"
  >
    <div
      className="hwytNh"
    >
      <span
        className="iFFOKQ"
      >
        icebreaker
      </span>
      <div
        className="dZlebm"
      >
        <input
          id="homeTypePicker"
          onChange={[Function]}
          type="checkbox"
        />
        <label
          htmlFor="homeTypePicker"
        />
      </div>
      <span
        className="dZcTbW"
      >
        pickup
      </span>
    </div>
    <div
      className="hwytNh"
    >
      <span
        className="iFFOKQ"
      >
        safe
      </span>
      <div
        className="dZlebm"
      >
        <input
          id="homeSafetyPicker"
          onChange={[Function]}
          type="checkbox"
        />
        <label
          htmlFor="homeSafetyPicker"
        />
      </div>
      <span
        className="dZcTbW"
      >
        wildcard
      </span>
    </div>
  </div>
  <button
    className="dheVMG"
    onClick={[Function]}
  >
    Break the Ice!
  </button>
</main>
`;
